https://google.com/xxx
https://google.com/xxx
